This is pdfTeX, Version 3.141592653-2.6-1.40.25 (TeX Live 2023) (preloaded format=pdflatex 2026.5.6)  13 JUL 2026 14:14
entering extended mode
 restricted \write18 enabled.
 file:line:error style messages enabled.
 %&-line parsing enabled.
**/home/saki/Desktop/Reed/thesis_tex/thesis.tex
(/home/saki/Desktop/Reed/thesis_tex/thesis.tex
LaTeX2e <2022-11-01> patch level 1
L3 programming layer <2023-02-22> (./style_neural_networks/cas-dc.cls

LaTeX Warning: You have requested document class `style_neural_networks/cas-dc',
               but the document class provides `cas-dc'.

Document Class: cas-dc 2024/05/04, 2.4: Formatting class for CAS double column articles
\c@blind=\count185
\@bls=\dimen140
(/usr/share/texlive/texmf-dist/tex/latex/base/article.cls
Document Class: article 2022/07/02 v1.4n Standard LaTeX document class
(/usr/share/texlive/texmf-dist/tex/latex/base/fleqn.clo
File: fleqn.clo 2016/12/29 v1.2b Standard LaTeX option (flush left equations)
\mathindent=\skip48
Applying: [2015/01/01] Make \[ robust on input line 50.
LaTeX Info: Redefining \[ on input line 51.
Already applied: [0000/00/00] Make \[ robust on input line 62.
Applying: [2015/01/01] Make \] robust on input line 74.
LaTeX Info: Redefining \] on input line 75.
Already applied: [0000/00/00] Make \] robust on input line 83.
) (/usr/share/texlive/texmf-dist/tex/latex/base/size10.clo
File: size10.clo 2022/07/02 v1.4n Standard LaTeX file (size option)
)
\c@part=\count186
\c@section=\count187
\c@subsection=\count188
\c@subsubsection=\count189
\c@paragraph=\count190
\c@subparagraph=\count191
\c@figure=\count192
\c@table=\count193
\abovecaptionskip=\skip49
\belowcaptionskip=\skip50
\bibindent=\dimen141
) (/usr/share/texlive/texmf-dist/tex/latex/graphics/graphicx.sty
Package: graphicx 2021/09/16 v1.2d Enhanced LaTeX Graphics (DPC,SPQR)
 (/usr/share/texlive/texmf-dist/tex/latex/graphics/keyval.sty
Package: keyval 2022/05/29 v1.15 key=value parser (DPC)
\KV@toks@=\toks16
) (/usr/share/texlive/texmf-dist/tex/latex/graphics/graphics.sty
Package: graphics 2022/03/10 v1.4e Standard LaTeX Graphics (DPC,SPQR)
 (/usr/share/texlive/texmf-dist/tex/latex/graphics/trig.sty
Package: trig 2021/08/11 v1.11 sin cos tan (DPC)
) (/usr/share/texlive/texmf-dist/tex/latex/graphics-cfg/graphics.cfg
File: graphics.cfg 2016/06/04 v1.11 sample graphics configuration
)
Package graphics Info: Driver file: pdftex.def on input line 107.
 (/usr/share/texlive/texmf-dist/tex/latex/graphics-def/pdftex.def
File: pdftex.def 2022/09/22 v1.2b Graphics/color driver for pdftex
))
\Gin@req@height=\dimen142
\Gin@req@width=\dimen143
) (/usr/share/texlive/texmf-dist/tex/latex/amsmath/amsmath.sty
Package: amsmath 2022/04/08 v2.17n AMS math features
\@mathmargin=\skip51

For additional information on amsmath, use the `?' option.
(/usr/share/texlive/texmf-dist/tex/latex/amsmath/amstext.sty
Package: amstext 2021/08/26 v2.01 AMS text
 (/usr/share/texlive/texmf-dist/tex/latex/amsmath/amsgen.sty
File: amsgen.sty 1999/11/30 v2.0 generic functions
\@emptytoks=\toks17
\ex@=\dimen144
)) (/usr/share/texlive/texmf-dist/tex/latex/amsmath/amsbsy.sty
Package: amsbsy 1999/11/29 v1.2d Bold Symbols
\pmbraise@=\dimen145
) (/usr/share/texlive/texmf-dist/tex/latex/amsmath/amsopn.sty
Package: amsopn 2022/04/08 v2.04 operator names
)
\inf@bad=\count194
LaTeX Info: Redefining \frac on input line 234.
\uproot@=\count195
\leftroot@=\count196
LaTeX Info: Redefining \overline on input line 399.
LaTeX Info: Redefining \colon on input line 410.
\classnum@=\count197
\DOTSCASE@=\count198
LaTeX Info: Redefining \ldots on input line 496.
LaTeX Info: Redefining \dots on input line 499.
LaTeX Info: Redefining \cdots on input line 620.
\Mathstrutbox@=\box51
\strutbox@=\box52
LaTeX Info: Redefining \big on input line 722.
LaTeX Info: Redefining \Big on input line 723.
LaTeX Info: Redefining \bigg on input line 724.
LaTeX Info: Redefining \Bigg on input line 725.
\big@size=\dimen146
LaTeX Font Info:    Redeclaring font encoding OML on input line 743.
LaTeX Font Info:    Redeclaring font encoding OMS on input line 744.
\macc@depth=\count199
LaTeX Info: Redefining \bmod on input line 905.
LaTeX Info: Redefining \pmod on input line 910.
LaTeX Info: Redefining \smash on input line 940.
LaTeX Info: Redefining \relbar on input line 970.
LaTeX Info: Redefining \Relbar on input line 971.
\c@MaxMatrixCols=\count266
\dotsspace@=\muskip16
\c@parentequation=\count267
\dspbrk@lvl=\count268
\tag@help=\toks18
\row@=\count269
\column@=\count270
\maxfields@=\count271
\andhelp@=\toks19
\eqnshift@=\dimen147
\alignsep@=\dimen148
\tagshift@=\dimen149
\tagwidth@=\dimen150
\totwidth@=\dimen151
\lineht@=\dimen152
\@envbody=\toks20
\multlinegap=\skip52
\multlinetaggap=\skip53
\mathdisplay@stack=\toks21
LaTeX Info: Redefining \[ on input line 2953.
LaTeX Info: Redefining \] on input line 2954.
) (/usr/share/texlive/texmf-dist/tex/latex/amsfonts/amsfonts.sty
Package: amsfonts 2013/01/14 v3.01 Basic AMSFonts support
\symAMSa=\mathgroup4
\symAMSb=\mathgroup5
LaTeX Font Info:    Redeclaring math symbol \hbar on input line 98.
LaTeX Font Info:    Overwriting math alphabet `\mathfrak' in version `bold'
(Font)                  U/euf/m/n --> U/euf/b/n on input line 106.
) (/usr/share/texlive/texmf-dist/tex/latex/amsfonts/amssymb.sty
Package: amssymb 2013/01/14 v3.01 AMS font symbols
) (/usr/share/texlive/texmf-dist/tex/latex/l3kernel/expl3.sty
Package: expl3 2023-02-22 L3 programming layer (loader) 
 (/usr/share/texlive/texmf-dist/tex/latex/l3backend/l3backend-pdftex.def
File: l3backend-pdftex.def 2023-01-16 L3 backend support: PDF output (pdfTeX)
\l__color_backend_stack_int=\count272
\l__pdf_internal_box=\box53
)) (/usr/share/texlive/texmf-dist/tex/latex/l3packages/xparse/xparse.sty
Package: xparse 2023-02-02 L3 Experimental document command parser
) (/usr/share/texlive/texmf-dist/tex/latex/etoolbox/etoolbox.sty
Package: etoolbox 2020/10/05 v2.5k e-TeX tools for LaTeX (JAW)
\etb@tempcnta=\count273
) (/usr/share/texlive/texmf-dist/tex/latex/preprint/balance.sty
Package: balance 1999/02/23 4.3 (PWD)
\oldvsize=\dimen153
) (/usr/share/texlive/texmf-dist/tex/latex/booktabs/booktabs.sty
Package: booktabs 2020/01/12 v1.61803398 Publication quality tables
\heavyrulewidth=\dimen154
\lightrulewidth=\dimen155
\cmidrulewidth=\dimen156
\belowrulesep=\dimen157
\belowbottomsep=\dimen158
\aboverulesep=\dimen159
\abovetopsep=\dimen160
\cmidrulesep=\dimen161
\cmidrulekern=\dimen162
\defaultaddspace=\dimen163
\@cmidla=\count274
\@cmidlb=\count275
\@aboverulesep=\dimen164
\@belowrulesep=\dimen165
\@thisruleclass=\count276
\@lastruleclass=\count277
\@thisrulewidth=\dimen166
) (/usr/share/texlive/texmf-dist/tex/latex/makecell/makecell.sty
Package: makecell 2009/08/03 V0.1e Managing of Tab Column Heads and Cells
 (/usr/share/texlive/texmf-dist/tex/latex/tools/array.sty
Package: array 2022/09/04 v2.5g Tabular extension package (FMi)
\col@sep=\dimen167
\ar@mcellbox=\box54
\extrarowheight=\dimen168
\NC@list=\toks22
\extratabsurround=\skip54
\backup@length=\skip55
\ar@cellbox=\box55
)
\rotheadsize=\dimen169
\c@nlinenum=\count278
\TeXr@lab=\toks23
) (/usr/share/texlive/texmf-dist/tex/latex/multirow/multirow.sty
Package: multirow 2021/03/15 v2.8 Span multiple rows of a table
\multirow@colwidth=\skip56
\multirow@cntb=\count279
\multirow@dima=\skip57
\bigstrutjot=\dimen170
) (/usr/share/texlive/texmf-dist/tex/latex/colortbl/colortbl.sty
Package: colortbl 2022/06/20 v1.0f Color table columns (DPC)
 (/usr/share/texlive/texmf-dist/tex/latex/graphics/color.sty
Package: color 2022/01/06 v1.3d Standard LaTeX Color (DPC)
 (/usr/share/texlive/texmf-dist/tex/latex/graphics-cfg/color.cfg
File: color.cfg 2016/01/02 v1.6 sample color configuration
)
Package color Info: Driver file: pdftex.def on input line 149.
 (/usr/share/texlive/texmf-dist/tex/latex/graphics/mathcolor.ltx))
\everycr=\toks24
\minrowclearance=\skip58
\rownum=\count280
) (/usr/share/texlive/texmf-dist/tex/latex/tools/dcolumn.sty
Package: dcolumn 2014/10/28 v1.06 decimal alignment package (DPC)
) (/usr/share/texlive/texmf-dist/tex/latex/sttools/stfloats.sty
Package: stfloats 2017/03/27 v3.3 Improve float mechanism and baselineskip settings
\@dblbotnum=\count281
\c@dblbotnumber=\count282
) (/usr/share/texlive/texmf-dist/tex/latex/tools/xspace.sty
Package: xspace 2014/10/28 v1.13 Space after command names (DPC,MH)
) (/usr/share/texlive/texmf-dist/tex/generic/xstring/xstring.sty (/usr/share/texlive/texmf-dist/tex/generic/xstring/xstring.tex
\integerpart=\count283
\decimalpart=\count284
)
Package: xstring 2023/01/14 v1.85 String manipulations (CT)
) (/usr/share/texlive/texmf-dist/tex/latex/footmisc/footmisc.sty
Package: footmisc 2022/03/08 v6.0d a miscellany of footnote facilities
\FN@temptoken=\toks25
\footnotemargin=\dimen171
\@outputbox@depth=\dimen172
Package footmisc Info: Declaring symbol style bringhurst on input line 695.
Package footmisc Info: Declaring symbol style chicago on input line 703.
Package footmisc Info: Declaring symbol style wiley on input line 712.
Package footmisc Info: Declaring symbol style lamport-robust on input line 723.
Package footmisc Info: Declaring symbol style lamport* on input line 743.
Package footmisc Info: Declaring symbol style lamport*-robust on input line 764.
) (/usr/share/texlive/texmf-dist/tex/latex/xcolor/xcolor.sty
Package: xcolor 2022/06/12 v2.14 LaTeX color extensions (UK)
 (/usr/share/texlive/texmf-dist/tex/latex/graphics-cfg/color.cfg
File: color.cfg 2016/01/02 v1.6 sample color configuration
)
Package xcolor Info: Driver file: pdftex.def on input line 227.
LaTeX Info: Redefining \color on input line 711.
 (/usr/share/texlive/texmf-dist/tex/latex/graphics/mathcolor.ltx)
Package xcolor Info: Model `cmy' substituted by `cmy0' on input line 1353.
Package xcolor Info: Model `hsb' substituted by `rgb' on input line 1357.
Package xcolor Info: Model `RGB' extended on input line 1369.
Package xcolor Info: Model `HTML' substituted by `rgb' on input line 1371.
Package xcolor Info: Model `Hsb' substituted by `hsb' on input line 1372.
Package xcolor Info: Model `tHsb' substituted by `hsb' on input line 1373.
Package xcolor Info: Model `HSB' substituted by `hsb' on input line 1374.
Package xcolor Info: Model `Gray' substituted by `gray' on input line 1375.
Package xcolor Info: Model `wave' substituted by `hsb' on input line 1376.
 (/usr/share/texlive/texmf-dist/tex/latex/graphics/dvipsnam.def
File: dvipsnam.def 2016/06/17 v3.0m Driver-dependent file (DPC,SPQR)
) (/usr/share/texlive/texmf-dist/tex/latex/xcolor/svgnam.def
File: svgnam.def 2022/06/12 v2.14 Predefined colors according to SVG 1.1 (UK)
)) (/usr/share/texlive/texmf-dist/tex/latex/setspace/setspace.sty
Package: setspace 2022/12/04 v6.7b set line spacing
) (/usr/share/texlive/texmf-dist/tex/latex/hyperref/hyperref.sty
Package: hyperref 2023-02-07 v7.00v Hypertext links for LaTeX
 (/usr/share/texlive/texmf-dist/tex/generic/ltxcmds/ltxcmds.sty
Package: ltxcmds 2020-05-10 v1.25 LaTeX kernel commands for general use (HO)
) (/usr/share/texlive/texmf-dist/tex/generic/iftex/iftex.sty
Package: iftex 2022/02/03 v1.0f TeX engine tests
) (/usr/share/texlive/texmf-dist/tex/generic/pdftexcmds/pdftexcmds.sty
Package: pdftexcmds 2020-06-27 v0.33 Utility functions of pdfTeX for LuaTeX (HO)
 (/usr/share/texlive/texmf-dist/tex/generic/infwarerr/infwarerr.sty
Package: infwarerr 2019/12/03 v1.5 Providing info/warning/error messages (HO)
)
Package pdftexcmds Info: \pdf@primitive is available.
Package pdftexcmds Info: \pdf@ifprimitive is available.
Package pdftexcmds Info: \pdfdraftmode found.
) (/usr/share/texlive/texmf-dist/tex/latex/kvsetkeys/kvsetkeys.sty
Package: kvsetkeys 2022-10-05 v1.19 Key value parser (HO)
) (/usr/share/texlive/texmf-dist/tex/generic/kvdefinekeys/kvdefinekeys.sty
Package: kvdefinekeys 2019-12-19 v1.6 Define keys (HO)
) (/usr/share/texlive/texmf-dist/tex/generic/pdfescape/pdfescape.sty
Package: pdfescape 2019/12/09 v1.15 Implements pdfTeX's escape features (HO)
) (/usr/share/texlive/texmf-dist/tex/latex/hycolor/hycolor.sty
Package: hycolor 2020-01-27 v1.10 Color options for hyperref/bookmark (HO)
) (/usr/share/texlive/texmf-dist/tex/latex/letltxmacro/letltxmacro.sty
Package: letltxmacro 2019/12/03 v1.6 Let assignment for LaTeX macros (HO)
) (/usr/share/texlive/texmf-dist/tex/latex/auxhook/auxhook.sty
Package: auxhook 2019-12-17 v1.6 Hooks for auxiliary files (HO)
) (/usr/share/texlive/texmf-dist/tex/latex/hyperref/nameref.sty
Package: nameref 2022-05-17 v2.50 Cross-referencing by name of section
 (/usr/share/texlive/texmf-dist/tex/latex/refcount/refcount.sty
Package: refcount 2019/12/15 v3.6 Data extraction from label references (HO)
) (/usr/share/texlive/texmf-dist/tex/generic/gettitlestring/gettitlestring.sty
Package: gettitlestring 2019/12/15 v1.6 Cleanup title references (HO)
 (/usr/share/texlive/texmf-dist/tex/latex/kvoptions/kvoptions.sty
Package: kvoptions 2022-06-15 v3.15 Key value format for package options (HO)
))
\c@section@level=\count285
)
\@linkdim=\dimen173
\Hy@linkcounter=\count286
\Hy@pagecounter=\count287
 (/usr/share/texlive/texmf-dist/tex/latex/hyperref/pd1enc.def
File: pd1enc.def 2023-02-07 v7.00v Hyperref: PDFDocEncoding definition (HO)
Now handling font encoding PD1 ...
... no UTF-8 mapping file for font encoding PD1
) (/usr/share/texlive/texmf-dist/tex/generic/intcalc/intcalc.sty
Package: intcalc 2019/12/15 v1.3 Expandable calculations with integers (HO)
) (/usr/share/texlive/texmf-dist/tex/generic/etexcmds/etexcmds.sty
Package: etexcmds 2019/12/15 v1.7 Avoid name clashes with e-TeX commands (HO)
)
\Hy@SavedSpaceFactor=\count288
 (/usr/share/texlive/texmf-dist/tex/latex/hyperref/puenc.def
File: puenc.def 2023-02-07 v7.00v Hyperref: PDF Unicode definition (HO)
Now handling font encoding PU ...
... no UTF-8 mapping file for font encoding PU
)
Package hyperref Info: Option `colorlinks' set `true' on input line 4060.
Package hyperref Info: Hyper figures OFF on input line 4177.
Package hyperref Info: Link nesting OFF on input line 4182.
Package hyperref Info: Hyper index ON on input line 4185.
Package hyperref Info: Plain pages OFF on input line 4192.
Package hyperref Info: Backreferencing OFF on input line 4197.
Package hyperref Info: Implicit mode ON; LaTeX internals redefined.
Package hyperref Info: Bookmarks ON on input line 4425.
\c@Hy@tempcnt=\count289
 (/usr/share/texlive/texmf-dist/tex/latex/url/url.sty
\Urlmuskip=\muskip17
Package: url 2013/09/16  ver 3.4  Verb mode for urls, etc.
)
LaTeX Info: Redefining \url on input line 4763.
\XeTeXLinkMargin=\dimen174
 (/usr/share/texlive/texmf-dist/tex/generic/bitset/bitset.sty
Package: bitset 2019/12/09 v1.3 Handle bit-vector datatype (HO)
 (/usr/share/texlive/texmf-dist/tex/generic/bigintcalc/bigintcalc.sty
Package: bigintcalc 2019/12/15 v1.5 Expandable calculations on big integers (HO)
))
\Fld@menulength=\count290
\Field@Width=\dimen175
\Fld@charsize=\dimen176
Package hyperref Info: Hyper figures OFF on input line 6042.
Package hyperref Info: Link nesting OFF on input line 6047.
Package hyperref Info: Hyper index ON on input line 6050.
Package hyperref Info: backreferencing OFF on input line 6057.
Package hyperref Info: Link coloring ON on input line 6060.
Package hyperref Info: Link coloring with OCG OFF on input line 6067.
Package hyperref Info: PDF/A mode OFF on input line 6072.
 (/usr/share/texlive/texmf-dist/tex/latex/base/atbegshi-ltx.sty
Package: atbegshi-ltx 2021/01/10 v1.0c Emulation of the original atbegshi
package with kernel methods
)
\Hy@abspage=\count291
\c@Item=\count292
\c@Hfootnote=\count293
)
Package hyperref Info: Driver (autodetected): hpdftex.
 (/usr/share/texlive/texmf-dist/tex/latex/hyperref/hpdftex.def
File: hpdftex.def 2023-02-07 v7.00v Hyperref driver for pdfTeX
 (/usr/share/texlive/texmf-dist/tex/latex/base/atveryend-ltx.sty
Package: atveryend-ltx 2020/08/19 v1.0a Emulation of the original atveryend package
with kernel methods
)
\Fld@listcount=\count294
\c@bookmark@seq@number=\count295
 (/usr/share/texlive/texmf-dist/tex/latex/rerunfilecheck/rerunfilecheck.sty
Package: rerunfilecheck 2022-07-10 v1.10 Rerun checks for auxiliary files (HO)
 (/usr/share/texlive/texmf-dist/tex/generic/uniquecounter/uniquecounter.sty
Package: uniquecounter 2019/12/15 v1.4 Provide unlimited unique counter (HO)
)
Package uniquecounter Info: New unique counter `rerunfilecheck' on input line 285.
)
\Hy@SectionHShift=\skip59
) (./cas-common.sty (./style_neural_networks/cas-common.sty
\l_stm_title_before_dim=\dimen177
\l_stm_title_after_dim=\dimen178
\g_ead_int=\count296
\g_uad_int=\count297
\@eadauthor=\toks26
\g_stm_tnote_int=\count298
\g_stm_fnote_int=\count299
\g_stm_cor_int=\count300
\g_stm_au_int=\count301
\g_stm_aau_int=\count302
\l_autype_int=\count303
\l_stm_augroup_before_dim=\dimen179
\l_stm_augroup_after_dim=\dimen180
\l_stm_augroup_lskip_tl=\dimen181
\l_stm_augroup_rskip_tl=\dimen182
\g_stm_aff_int=\count304
\g_stm_aff_ext_int=\count305
\g_stm_aff_int_int=\count306
\g_stm_fn_aff_ext_int=\count307
\g_stm_fn_aff_int_int=\count308
\l_stm_aff_before_dim=\dimen183
\l_stm_aff_after_dim=\dimen184
\l_stm_aff_lskip_dim=\dimen185
\l_stm_aff_rskip_dim=\dimen186
\g_stm_augr_int=\count309
\g_stm_aaugr_int=\count310
 (/usr/share/texlive/texmf-dist/tex/latex/moreverb/moreverb.sty
Package: moreverb 2008/06/03 v2.3a `more' verbatim facilities
 (/usr/share/texlive/texmf-dist/tex/latex/tools/verbatim.sty
Package: verbatim 2022-07-02 v1.5u LaTeX2e package for verbatim enhancements
\every@verbatim=\toks27
\verbatim@line=\toks28
\verbatim@in@stream=\read2
)
\tab@position=\count311
\tab@size=\count312
\listing@line=\count313
)
\g_stm_abs_box=\box56
\casgrabsbox=\box57
\casauhlbox=\box58
\g_stm_key_box=\box59
\g_stm_jtype_int=\count314
\g_stm_blind_int=\count315
\c@au=\count316
\c@cnote=\count317
\c@tnote=\count318
\c@fnote=\count319
\c@aff=\count320
\g_stm_notes_box=\box60
\g_stm_front_box=\box61
\paraindent=\dimen187
\subparaindent=\dimen188
\FullWidth=\dimen189
\l_tbl_width_dim=\dimen190
\l_tbl_abovecap_skip=\skip60
\l_tbl_belowcap_skip=\skip61
\l_tbl_abovetbl_skip=\skip62
\l_tbl_belowtbl_skip=\skip63
\l_fig_width_dim=\dimen191
\cascaptionbox=\box62
\l_fig_abovecap_skip=\skip64
\l_fig_belowcap_skip=\skip65
\l_fig_abovefig_skip=\skip66
\l_fig_belowfig_skip=\skip67
 (/usr/share/texlive/texmf-dist/tex/latex/wrapfig/wrapfig.sty
\wrapoverhang=\dimen192
\WF@size=\dimen193
\c@WF@wrappedlines=\count321
\WF@box=\box63
\WF@everypar=\toks29
Package: wrapfig 2003/01/31  v 3.6
)
\l_wrap_figwidth_dim=\dimen194
\l_wrap_fighspace_dim=\dimen195
\l_wrap_figvspace_dim=\dimen196
\l_wrap_fighcorr_dim=\dimen197
\l_wrap_figvcorr_dim=\dimen198
\l_above_bio_dim=\dimen199
\l_wrap_figlcorr_int=\count322
\l_wrap_figlines_int=\count323
\l_bio_text_box=\box64
\c@ca_biography_ctr=\count324
\l_ca_temp_inta=\count325
\leftMargin=\dimen256
\@enLab=\toks30
\@sep=\skip68
\@@sep=\skip69
)) (/usr/share/texlive/texmf-dist/tex/latex/base/fontenc.sty
Package: fontenc 2021/04/29 v2.0v Standard LaTeX package
) (/usr/share/texlive/texmf-dist/tex/latex/stix/stix.sty
Package: stix 2018/04/17 v1.1.3-latex STIX fonts support package
 (/usr/share/texlive/texmf-dist/tex/latex/base/textcomp.sty
Package: textcomp 2020/02/02 v2.0n Standard LaTeX package
LaTeX Font Info:    Changing ? sub-encoding to TS1/0 on input line 78.
)
Now handling font encoding LS1 ...
... no UTF-8 mapping file for font encoding LS1
Now handling font encoding LS2 ...
... no UTF-8 mapping file for font encoding LS2
LaTeX Font Info:    Redeclaring symbol font `letters' on input line 76.
LaTeX Font Info:    Encoding `OML' has changed to `LS1' for symbol font
(Font)              `letters' in the math version `normal' on input line 76.
LaTeX Font Info:    Overwriting symbol font `letters' in version `normal'
(Font)                  OML/cmm/m/it --> LS1/stix/m/it on input line 76.
LaTeX Font Info:    Encoding `OML' has changed to `LS1' for symbol font
(Font)              `letters' in the math version `bold' on input line 76.
LaTeX Font Info:    Overwriting symbol font `letters' in version `bold'
(Font)                  OML/cmm/b/it --> LS1/stix/m/it on input line 76.
LaTeX Font Info:    Redeclaring symbol font `operators' on input line 77.
LaTeX Font Info:    Encoding `OT1' has changed to `LS1' for symbol font
(Font)              `operators' in the math version `normal' on input line 77.
LaTeX Font Info:    Overwriting symbol font `operators' in version `normal'
(Font)                  OT1/cmr/m/n --> LS1/stix/m/n on input line 77.
LaTeX Font Info:    Encoding `OT1' has changed to `LS1' for symbol font
(Font)              `operators' in the math version `bold' on input line 77.
LaTeX Font Info:    Overwriting symbol font `operators' in version `bold'
(Font)                  OT1/cmr/bx/n --> LS1/stix/m/n on input line 77.
\symbold-operators=\mathgroup6
LaTeX Font Info:    Redeclaring symbol font `symbols' on input line 79.
LaTeX Font Info:    Encoding `OMS' has changed to `LS1' for symbol font
(Font)              `symbols' in the math version `normal' on input line 79.
LaTeX Font Info:    Overwriting symbol font `symbols' in version `normal'
(Font)                  OMS/cmsy/m/n --> LS1/stixscr/m/n on input line 79.
LaTeX Font Info:    Encoding `OMS' has changed to `LS1' for symbol font
(Font)              `symbols' in the math version `bold' on input line 79.
LaTeX Font Info:    Overwriting symbol font `symbols' in version `bold'
(Font)                  OMS/cmsy/b/n --> LS1/stixscr/m/n on input line 79.
\symsymbols2=\mathgroup7
\symsymbols3=\mathgroup8
\symsymbols4=\mathgroup9
\symintegrals=\mathgroup10
LaTeX Font Info:    Redeclaring symbol font `largesymbols' on input line 84.
LaTeX Font Info:    Encoding `OMX' has changed to `LS2' for symbol font
(Font)              `largesymbols' in the math version `normal' on input line 84.
LaTeX Font Info:    Overwriting symbol font `largesymbols' in version `normal'
(Font)                  OMX/cmex/m/n --> LS2/stixex/m/n on input line 84.
LaTeX Font Info:    Encoding `OMX' has changed to `LS2' for symbol font
(Font)              `largesymbols' in the math version `bold' on input line 84.
LaTeX Font Info:    Overwriting symbol font `largesymbols' in version `bold'
(Font)                  OMX/cmex/m/n --> LS2/stixex/m/n on input line 84.
\symarrows1=\mathgroup11
\symarrows2=\mathgroup12
\symarrows3=\mathgroup13
LaTeX Font Info:    Overwriting symbol font `letters' in version `bold'
(Font)                  LS1/stix/m/it --> LS1/stix/b/it on input line 88.
LaTeX Font Info:    Overwriting symbol font `operators' in version `bold'
(Font)                  LS1/stix/m/n --> LS1/stix/b/n on input line 89.
LaTeX Font Info:    Overwriting symbol font `symbols' in version `bold'
(Font)                  LS1/stixscr/m/n --> LS1/stixscr/b/n on input line 90.
LaTeX Font Info:    Overwriting symbol font `symbols2' in version `bold'
(Font)                  LS1/stixfrak/m/n --> LS1/stixfrak/b/n on input line 91.
LaTeX Font Info:    Overwriting symbol font `symbols3' in version `bold'
(Font)                  LS1/stixbb/m/n --> LS1/stixbb/b/n on input line 92.
LaTeX Font Info:    Overwriting symbol font `symbols4' in version `bold'
(Font)                  LS1/stixbb/m/it --> LS1/stixbb/b/it on input line 93.
LaTeX Font Info:    Overwriting symbol font `integrals' in version `bold'
(Font)                  LS2/stixcal/m/n --> LS2/stixcal/b/n on input line 94.
LaTeX Font Info:    Overwriting symbol font `largesymbols' in version `bold'
(Font)                  LS2/stixex/m/n --> LS2/stixex/b/n on input line 95.
LaTeX Font Info:    Overwriting symbol font `arrows1' in version `bold'
(Font)                  LS1/stixsf/m/n --> LS1/stixsf/b/n on input line 96.
LaTeX Font Info:    Overwriting symbol font `arrows2' in version `bold'
(Font)                  LS1/stixsf/m/it --> LS1/stixsf/b/it on input line 97.
LaTeX Font Info:    Overwriting symbol font `arrows3' in version `bold'
(Font)                  LS2/stixtt/m/n --> LS2/stixtt/b/n on input line 98.
LaTeX Font Info:    Redeclaring math alphabet \mathit on input line 99.
LaTeX Font Info:    Redeclaring math alphabet \mathfrak on input line 102.
LaTeX Font Info:    Redeclaring math alphabet \mathsf on input line 106.
LaTeX Font Info:    Redeclaring math alphabet \mathtt on input line 108.
LaTeX Font Info:    Redeclaring math alphabet \mathbf on input line 109.
LaTeX Info: Redefining \yen on input line 456.
LaTeX Info: Redefining \circledR on input line 458.
LaTeX Info: Redefining \checkmark on input line 460.
LaTeX Info: Redefining \maltese on input line 461.
LaTeX Font Info:    Redeclaring math accent \grave on input line 698.
LaTeX Font Info:    Redeclaring math accent \acute on input line 699.
LaTeX Font Info:    Redeclaring math accent \hat on input line 700.
LaTeX Font Info:    Redeclaring math accent \tilde on input line 701.
LaTeX Font Info:    Redeclaring math accent \bar on input line 702.
LaTeX Font Info:    Redeclaring math accent \breve on input line 703.
LaTeX Font Info:    Redeclaring math accent \dot on input line 704.
LaTeX Font Info:    Redeclaring math accent \ddot on input line 705.
LaTeX Font Info:    Redeclaring math accent \mathring on input line 707.
LaTeX Font Info:    Redeclaring math accent \check on input line 708.
LaTeX Font Info:    Redeclaring math accent \vec on input line 716.
LaTeX Font Info:    Redeclaring math accent \widehat on input line 728.
LaTeX Font Info:    Redeclaring math accent \widetilde on input line 729.
LaTeX Info: Redefining \vdots on input line 1518.
LaTeX Info: Redefining \cdots on input line 1522.
LaTeX Font Info:    Redeclaring math symbol \mathsterling on input line 1978.
LaTeX Info: Redefining \not on input line 2144.
) (/usr/share/texlive/texmf-dist/tex/latex/inconsolata/inconsolata.sty
Package: inconsolata 2019/05/17 v1.12
 `inconsolata-zi4' v1.12, 2019/05/17 Text macros for Inconsolata (msharpe) (/usr/share/texlive/texmf-dist/tex/latex/xkeyval/xkeyval.sty
Package: xkeyval 2022/06/16 v2.9 package option processing (HA)
 (/usr/share/texlive/texmf-dist/tex/generic/xkeyval/xkeyval.tex (/usr/share/texlive/texmf-dist/tex/generic/xkeyval/xkvutils.tex
\XKV@toks=\toks31
\XKV@tempa@toks=\toks32
)
\XKV@depth=\count326
File: xkeyval.tex 2014/12/03 v2.7a key=value parser (HA)
))
\zifour@ocount=\count327
) (/usr/share/texlive/texmf-dist/tex/latex/geometry/geometry.sty
Package: geometry 2020/01/02 v5.9 Page Geometry
 (/usr/share/texlive/texmf-dist/tex/generic/iftex/ifvtex.sty
Package: ifvtex 2019/10/25 v1.7 ifvtex legacy package. Use iftex instead.
)
\Gm@cnth=\count328
\Gm@cntv=\count329
\c@Gm@tempcnt=\count330
\Gm@bindingoffset=\dimen257
\Gm@wd@mp=\dimen258
\Gm@odd@mp=\dimen259
\Gm@even@mp=\dimen260
\Gm@layoutwidth=\dimen261
\Gm@layoutheight=\dimen262
\Gm@layouthoffset=\dimen263
\Gm@layoutvoffset=\dimen264
\Gm@dimlist=\toks33
)) (/usr/share/texlive/texmf-dist/tex/latex/listings/listings.sty
\lst@mode=\count331
\lst@gtempboxa=\box65
\lst@token=\toks34
\lst@length=\count332
\lst@currlwidth=\dimen265
\lst@column=\count333
\lst@pos=\count334
\lst@lostspace=\dimen266
\lst@width=\dimen267
\lst@newlines=\count335
\lst@lineno=\count336
\lst@maxwidth=\dimen268
 (/usr/share/texlive/texmf-dist/tex/latex/listings/lstmisc.sty
File: lstmisc.sty 2023/02/27 1.9 (Carsten Heinz)
\c@lstnumber=\count337
\lst@skipnumbers=\count338
\lst@framebox=\box66
) (/usr/share/texlive/texmf-dist/tex/latex/listings/listings.cfg
File: listings.cfg 2023/02/27 1.9 listings configuration
))
Package: listings 2023/02/27 1.9 (Carsten Heinz)
 (/usr/share/texlive/texmf-dist/tex/latex/base/latexsym.sty
Package: latexsym 1998/08/17 v2.2e Standard LaTeX package (lasy symbols)
\symlasy=\mathgroup14
LaTeX Font Info:    Overwriting symbol font `lasy' in version `bold'
(Font)                  U/lasy/m/n --> U/lasy/b/n on input line 52.
) (/usr/share/texlive/texmf-dist/tex/latex/amscls/amsthm.sty
Package: amsthm 2020/05/29 v2.20.6
\thm@style=\toks35
\thm@bodyfont=\toks36
\thm@headfont=\toks37
\thm@notefont=\toks38
\thm@headpunct=\toks39
\thm@preskip=\skip70
\thm@postskip=\skip71
\thm@headsep=\skip72
\dth@everypar=\toks40
LaTeX Info: Redefining \qed on input line 273.
) (/usr/share/texlive/texmf-dist/tex/latex/tools/longtable.sty
Package: longtable 2021-09-01 v4.17 Multi-page Table package (DPC)
\LTleft=\skip73
\LTright=\skip74
\LTpre=\skip75
\LTpost=\skip76
\LTchunksize=\count339
\LTcapwidth=\dimen269
\LT@head=\box67
\LT@firsthead=\box68
\LT@foot=\box69
\LT@lastfoot=\box70
\LT@gbox=\box71
\LT@cols=\count340
\LT@rows=\count341
\c@LT@tables=\count342
\c@LT@chunks=\count343
\LT@p@ftn=\toks41
) (/usr/share/texlive/texmf-dist/tex/latex/oberdiek/chemarr.sty
Package: chemarr 2016/05/16 v1.3 Arrows for chemical reactions (HO)
) (/usr/share/texlive/texmf-dist/tex/latex/graphics/rotating.sty
Package: rotating 2016/08/11 v2.16d rotated objects in LaTeX
 (/usr/share/texlive/texmf-dist/tex/latex/base/ifthen.sty
Package: ifthen 2022/04/13 v1.1d Standard LaTeX ifthen package (DPC)
)
\c@r@tfl@t=\count344
\rotFPtop=\skip77
\rotFPbot=\skip78
\rot@float@box=\box72
\rot@mess@toks=\toks42
) (/usr/share/texlive/texmf-dist/tex/generic/babel/babel.sty
Package: babel 2023/02/13 3.86 The Babel package
\babel@savecnt=\count345
\U@D=\dimen270
\l@unhyphenated=\language85
 (/usr/share/texlive/texmf-dist/tex/generic/babel/txtbabel.def)
\bbl@readstream=\read3
\bbl@dirlevel=\count346
 (/usr/share/texlive/texmf-dist/tex/generic/babel-english/english.ldf
Language: english 2017/06/06 v3.3r English support from the babel system
Package babel Info: Hyphen rules for 'canadian' set to \l@english
(babel)             (\language0). Reported on input line 102.
Package babel Info: Hyphen rules for 'australian' set to \l@ukenglish
(babel)             (\language26). Reported on input line 105.
Package babel Info: Hyphen rules for 'newzealand' set to \l@ukenglish
(babel)             (\language26). Reported on input line 108.
)) (/usr/share/texlive/texmf-dist/tex/generic/babel/locale/en/babel-english.tex
Package babel Info: Importing font and identification data for english
(babel)             from babel-en.ini. Reported on input line 11.
) (/usr/share/texlive/texmf-dist/tex/latex/tools/bm.sty
Package: bm 2022/01/05 v1.2f Bold Symbol Support (DPC/FMi)
\symboldoperators=\mathgroup15
Package bm Info: No bold for \U/msa/m/n, using \pmb.
Package bm Info: No bold for \U/msb/m/n, using \pmb.
Package bm Info: No bold for \LS1/stix/b/n, using \pmb.
) (/usr/share/texlive/texmf-dist/tex/latex/microtype/microtype.sty
Package: microtype 2023/03/13 v3.1a Micro-typographical refinements (RS)
\MT@toks=\toks43
\MT@tempbox=\box73
\MT@count=\count347
LaTeX Info: Redefining \noprotrusionifhmode on input line 1059.
LaTeX Info: Redefining \leftprotrusion on input line 1060.
\MT@prot@toks=\toks44
LaTeX Info: Redefining \rightprotrusion on input line 1078.
LaTeX Info: Redefining \textls on input line 1368.
\MT@outer@kern=\dimen271
LaTeX Info: Redefining \textmicrotypecontext on input line 1988.
\MT@listname@count=\count348
 (/usr/share/texlive/texmf-dist/tex/latex/microtype/microtype-pdftex.def
File: microtype-pdftex.def 2023/03/13 v3.1a Definitions specific to pdftex (RS)
LaTeX Info: Redefining \lsstyle on input line 902.
LaTeX Info: Redefining \lslig on input line 902.
\MT@outer@space=\skip79
)
Package microtype Info: Loading configuration file microtype.cfg.
 (/usr/share/texlive/texmf-dist/tex/latex/microtype/microtype.cfg
File: microtype.cfg 2023/03/13 v3.1a microtype main configuration file (RS)
)) (/usr/share/texlive/texmf-dist/tex/latex/csquotes/csquotes.sty
Package: csquotes 2022-09-14 v5.2n context-sensitive quotations (JAW)
\csq@reset=\count349
\csq@gtype=\count350
\csq@glevel=\count351
\csq@qlevel=\count352
\csq@maxlvl=\count353
\csq@tshold=\count354
\csq@ltx@everypar=\toks45
 (/usr/share/texlive/texmf-dist/tex/latex/csquotes/csquotes.def
File: csquotes.def 2022-09-14 v5.2n csquotes generic definitions (JAW)
)
Package csquotes Info: Trying to load configuration file 'csquotes.cfg'...
Package csquotes Info: ... configuration file loaded successfully.
 (/usr/share/texlive/texmf-dist/tex/latex/csquotes/csquotes.cfg
File: csquotes.cfg 
)) (/usr/share/texlive/texmf-dist/tex/generic/soul/soul.sty
Package: soul 2023-02-18 v3.0 Permit use of UTF-8 characters in soul (HO)
 (/usr/share/texlive/texmf-dist/tex/generic/soul/soul-ori.sty
Package: soul-ori 2023-02-18 v3.0 letterspacing/underlining (mf)
\SOUL@word=\toks46
\SOUL@lasttoken=\toks47
\SOUL@syllable=\toks48
\SOUL@cmds=\toks49
\SOUL@buffer=\toks50
\SOUL@token=\toks51
\SOUL@syllgoal=\dimen272
\SOUL@syllwidth=\dimen273
\SOUL@charkern=\dimen274
\SOUL@hyphkern=\dimen275
\SOUL@dimen=\dimen276
\SOUL@dimeni=\dimen277
\SOUL@minus=\count355
\SOUL@comma=\count356
\SOUL@apo=\count357
\SOUL@grave=\count358
\SOUL@spaceskip=\skip80
\SOUL@ttwidth=\dimen278
\SOUL@uldp=\dimen279
\SOUL@ulht=\dimen280
)) (/usr/share/texlive/texmf-dist/tex/latex/natbib/natbib.sty
Package: natbib 2010/09/13 8.31b (PWD, AO)
\bibhang=\skip81
\bibsep=\skip82
LaTeX Info: Redefining \cite on input line 694.
\c@NAT@ctr=\count359
)
Package csquotes Info: Checking for multilingual support...
Package csquotes Info: ... found 'babel' package.
Package csquotes Info: Adjusting default style.
Package csquotes Info: Redefining alias 'default' -> 'english'.
LaTeX Font Info:    Trying to load font information for T1+stix on input line 33.
 (/usr/share/texlive/texmf-dist/tex/latex/stix/t1stix.fd
File: t1stix.fd 2015/04/17 v1.1.2-latex STIX T1 font definitions
) (./thesis.aux)
\openout1 = `thesis.aux'.

LaTeX Font Info:    Checking defaults for OML/cmm/m/it on input line 33.
LaTeX Font Info:    ... okay on input line 33.
LaTeX Font Info:    Checking defaults for OMS/cmsy/m/n on input line 33.
LaTeX Font Info:    ... okay on input line 33.
LaTeX Font Info:    Checking defaults for OT1/cmr/m/n on input line 33.
LaTeX Font Info:    ... okay on input line 33.
LaTeX Font Info:    Checking defaults for T1/cmr/m/n on input line 33.
LaTeX Font Info:    ... okay on input line 33.
LaTeX Font Info:    Checking defaults for TS1/cmr/m/n on input line 33.
LaTeX Font Info:    ... okay on input line 33.
LaTeX Font Info:    Checking defaults for OMX/cmex/m/n on input line 33.
LaTeX Font Info:    ... okay on input line 33.
LaTeX Font Info:    Checking defaults for U/cmr/m/n on input line 33.
LaTeX Font Info:    ... okay on input line 33.
LaTeX Font Info:    Checking defaults for PD1/pdf/m/n on input line 33.
LaTeX Font Info:    ... okay on input line 33.
LaTeX Font Info:    Checking defaults for PU/pdf/m/n on input line 33.
LaTeX Font Info:    ... okay on input line 33.
LaTeX Font Info:    Checking defaults for LS1/stix/m/n on input line 33.
LaTeX Font Info:    Trying to load font information for LS1+stix on input line 33.
 (/usr/share/texlive/texmf-dist/tex/latex/stix/ls1stix.fd
File: ls1stix.fd 2015/04/17 v1.1.2-latex STIX LS1 font definitions
)
LaTeX Font Info:    ... okay on input line 33.
LaTeX Font Info:    Checking defaults for LS2/stix/m/n on input line 33.
LaTeX Font Info:    Trying to load font information for LS2+stix on input line 33.
 (/usr/share/texlive/texmf-dist/tex/latex/stix/ls2stix.fd
File: ls2stix.fd 2015/04/17 v1.1.2-latex STIX LS2 font definitions
)
LaTeX Font Info:    ... okay on input line 33.
 (/usr/share/texlive/texmf-dist/tex/context/base/mkii/supp-pdf.mkii
[Loading MPS to PDF converter (version 2006.09.02).]
\scratchcounter=\count360
\scratchdimen=\dimen281
\scratchbox=\box74
\nofMPsegments=\count361
\nofMParguments=\count362
\everyMPshowfont=\toks52
\MPscratchCnt=\count363
\MPscratchDim=\dimen282
\MPnumerator=\count364
\makeMPintoPDFobject=\count365
\everyMPtoPDFconversion=\toks53
) (/usr/share/texlive/texmf-dist/tex/latex/epstopdf-pkg/epstopdf-base.sty
Package: epstopdf-base 2020-01-24 v2.11 Base part for package epstopdf
 (/usr/share/texlive/texmf-dist/tex/latex/grfext/grfext.sty
Package: grfext 2019/12/03 v1.3 Manage graphics extensions (HO)
)
Package epstopdf-base Info: Redefining graphics rule for `.eps' on input line 485.
Package grfext Info: Graphics extension search list:
(grfext)             [.pdf,.png,.jpg,.mps,.jpeg,.jbig2,.jb2,.PDF,.PNG,.JPG,.JPEG,.JBIG2,.JB2,.eps]
(grfext)             \AppendGraphicsExtensions on input line 504.
 (/usr/share/texlive/texmf-dist/tex/latex/latexconfig/epstopdf-sys.cfg
File: epstopdf-sys.cfg 2010/07/13 v1.3 Configuration of (r)epstopdf for TeX Live
))
LaTeX Info: Command `\dddot' is already robust on input line 33.
LaTeX Info: Command `\ddddot' is already robust on input line 33.
Package hyperref Info: Link coloring ON on input line 33.
 (./thesis.out) (./thesis.out)
\@outlinefile=\write3
\openout3 = `thesis.out'.

 (/usr/share/texlive/texmf-dist/tex/latex/upquote/upquote.sty
Package: upquote 2012/04/19 v1.3 upright-quote and grave-accent glyphs in verbatim
)
*geometry* driver: auto-detecting
*geometry* detected driver: pdftex
*geometry* verbose mode - [ preamble ] result:
* driver: pdftex
* paper: custom
* layout: <same size as paper>
* layoutoffset:(h,v)=(0.0pt,0.0pt)
* modes: 
* h-part:(L,W,R)=(51.4995pt, 494.50888pt, 51.4995pt)
* v-part:(T,H,B)=(55.48286pt, 689.4103pt, 51.784pt)
* \paperwidth=597.50787pt
* \paperheight=796.67715pt
* \textwidth=494.50888pt
* \textheight=689.4103pt
* \oddsidemargin=-20.7705pt
* \evensidemargin=-20.7705pt
* \topmargin=-40.78712pt
* \headheight=12.0pt
* \headsep=12.0pt
* \topskip=10.0pt
* \footskip=12.0pt
* \marginparwidth=57.0pt
* \marginparsep=11.0pt
* \columnsep=18.0pt
* \skip\footins=9.0pt plus 4.0pt minus 2.0pt
* \hoffset=0.0pt
* \voffset=0.0pt
* \mag=1000
* \@twocolumnfalse
* \@twosidefalse
* \@mparswitchfalse
* \@reversemarginfalse
* (1in=72.27pt=25.4mm, 1cm=28.453pt)

\c@lstlisting=\count366
LaTeX Info: Redefining \microtypecontext on input line 33.
Package microtype Info: Applying patch `item' on input line 33.
Package microtype Info: Applying patch `toc' on input line 33.
Package microtype Info: Applying patch `eqnum' on input line 33.
Package microtype Info: Applying patch `footnote' on input line 33.
Package microtype Info: Applying patch `verbatim' on input line 33.
Package microtype Info: Generating PDF output.
Package microtype Info: Character protrusion enabled (level 2).
Package microtype Info: Using default protrusion set `alltext'.
Package microtype Info: Automatic font expansion enabled (level 2),
(microtype)             stretch: 20, shrink: 20, step: 1, non-selected.
Package microtype Info: Using default expansion set `alltext-nott'.
LaTeX Info: Redefining \showhyphens on input line 33.
Package microtype Info: No adjustment of tracking.
Package microtype Info: No adjustment of interword spacing.
Package microtype Info: No adjustment of character kerning.
(/usr/share/texlive/texmf-dist/tex/latex/microtype/mt-ptm.cfg
File: mt-ptm.cfg 2006/04/20 v1.7 microtype config. file: Times (RS)
)
\verbatim@out=\write4
\openout4 = `thesis.abs'.

LaTeX Font Info:    Trying to load font information for TS1+stix on input line 70.
 (/usr/share/texlive/texmf-dist/tex/latex/stix/ts1stix.fd
File: ts1stix.fd 2015/04/17 v1.1.2-latex STIX TS1 font definitions
) [0

{/var/lib/texmf/fonts/map/pdftex/updmap/pdftex.map}{/usr/share/texlive/texmf-dist/fonts/enc/dvips/stix/stix-t1.enc}{/usr/share/texlive/texmf-dist/fonts/enc/dvips/stix/stix-ts1.enc}]
LaTeX Font Info:    Trying to load font information for LS1+stixscr on input line 79.
 (/usr/share/texlive/texmf-dist/tex/latex/stix/ls1stixscr.fd
File: ls1stixscr.fd 2015/04/17 v1.1.2-latex STIX script LS1 font definitions
)
LaTeX Font Info:    Trying to load font information for LS2+stixex on input line 79.
 (/usr/share/texlive/texmf-dist/tex/latex/stix/ls2stixex.fd
File: ls2stixex.fd 2015/04/17 v1.1.2-latex STIX extentions LS2 font definitions
)
LaTeX Font Info:    Trying to load font information for U+msa on input line 79.
 (/usr/share/texlive/texmf-dist/tex/latex/amsfonts/umsa.fd
File: umsa.fd 2013/01/14 v3.01 AMS symbols A
) (/usr/share/texlive/texmf-dist/tex/latex/microtype/mt-msa.cfg
File: mt-msa.cfg 2006/02/04 v1.1 microtype config. file: AMS symbols (a) (RS)
)
LaTeX Font Info:    Trying to load font information for U+msb on input line 79.
 (/usr/share/texlive/texmf-dist/tex/latex/amsfonts/umsb.fd
File: umsb.fd 2013/01/14 v3.01 AMS symbols B
) (/usr/share/texlive/texmf-dist/tex/latex/microtype/mt-msb.cfg
File: mt-msb.cfg 2005/06/01 v1.0 microtype config. file: AMS symbols (b) (RS)
)
LaTeX Font Info:    Trying to load font information for LS1+stixfrak on input line 79.
 (/usr/share/texlive/texmf-dist/tex/latex/stix/ls1stixfrak.fd
File: ls1stixfrak.fd 2015/04/17 v1.1.2-latex STIX fraktur LS1 font definitions
)
LaTeX Font Info:    Trying to load font information for LS1+stixbb on input line 79.
 (/usr/share/texlive/texmf-dist/tex/latex/stix/ls1stixbb.fd
File: ls1stixbb.fd 2015/04/17 v1.1.2-latex STIX blackboard LS1 font definitions
)
LaTeX Font Info:    Trying to load font information for LS2+stixcal on input line 79.
 (/usr/share/texlive/texmf-dist/tex/latex/stix/ls2stixcal.fd
File: ls2stixcal.fd 2015/04/17 v1.1.2-latex STIX calligraphic LS2 font definitions
)
LaTeX Font Info:    Trying to load font information for LS1+stixsf on input line 79.
 (/usr/share/texlive/texmf-dist/tex/latex/stix/ls1stixsf.fd
File: ls1stixsf.fd 2015/04/17 v1.1.2-latex STIX sans-serif LS1 font definitions
)
LaTeX Font Info:    Trying to load font information for LS2+stixtt on input line 79.
 (/usr/share/texlive/texmf-dist/tex/latex/stix/ls2stixtt.fd
File: ls2stixtt.fd 2015/04/17 v1.1.2-latex STIX typewriter LS2 font definitions
)
LaTeX Font Info:    Trying to load font information for U+lasy on input line 79.
 (/usr/share/texlive/texmf-dist/tex/latex/base/ulasy.fd
File: ulasy.fd 1998/08/17 v2.2e LaTeX symbol font definitions
)
Overfull \hbox (123.62721pt too wide) detected at line 79
[]
 []

(./thesis.abs)

Package hyperref Warning: Ignoring empty anchor on input line 79.


LaTeX Font Warning: Font shape `U/lasy/m/n' in size <7.5> not available
(Font)              size <7> substituted on input line 88.

LaTeX Font Info:    Trying to load font information for T1+cmss on input line 89.
(/usr/share/texlive/texmf-dist/tex/latex/base/t1cmss.fd
File: t1cmss.fd 2022/07/10 v2.5l Standard LaTeX font definitions
)
Package microtype Info: Loading generic protrusion settings for font family
(microtype)             `cmss' (encoding: T1).
(microtype)             For optimal results, create family-specific settings.
(microtype)             See the microtype manual for details.
 [1

{/usr/share/texlive/texmf-dist/fonts/enc/dvips/cm-super/cm-super-t1.enc}]
Overfull \hbox (8.22789pt too wide) in paragraph at lines 92--93
[]\T1/stix/m/n/10 (-20) The re-sults iden-tify an architecture-dependent performance--
 []

[2] [3] [4]
Overfull \hbox (3.5457pt too wide) in paragraph at lines 187--187
[]|\T1/cmss/m/n/9 (-20) Architecture
 []


Overfull \hbox (0.59018pt too wide) in paragraph at lines 189--189
[]|\T1/cmss/m/n/9 (-20) Ambiguous-
 []


Underfull \hbox (badness 10000) in paragraph at lines 189--189
\T1/cmss/m/n/9 (+20) edge
 []


Underfull \hbox (badness 10000) in paragraph at lines 189--189
[]|\T1/cmss/m/it/9 (+20) C. el-e-gans
 []


Underfull \hbox (badness 10000) in paragraph at lines 189--189
\T1/cmss/m/n/9 (+20) topol-ogy,
 []


Underfull \hbox (badness 10000) in paragraph at lines 189--189
\T1/cmss/m/n/9 (+20) contact-count
 []


Underfull \hbox (badness 10000) in paragraph at lines 189--189
\T1/cmss/m/n/9 (+20) mag-ni-tudes,
 []


Underfull \hbox (badness 10000) in paragraph at lines 189--189
\T1/cmss/m/n/9 (+20) EleganSign-
 []


Underfull \hbox (badness 10000) in paragraph at lines 189--189
\T1/cmss/m/n/9 (+20) inferred signs
 []


Underfull \hbox (badness 2884) in paragraph at lines 189--189
\T1/cmss/m/n/9 (+20) and 4:1 prior
 []


Underfull \hbox (badness 10000) in paragraph at lines 189--189
\T1/cmss/m/n/9 (+20) signs for
 []


Underfull \hbox (badness 10000) in paragraph at lines 189--189
\T1/cmss/m/n/9 (+20) am-bigu-ous
 []


Underfull \hbox (badness 10000) in paragraph at lines 189--189
[]|\T1/cmss/m/n/9 (+20) All prop-er-ties
 []


Underfull \hbox (badness 10000) in paragraph at lines 189--189
\T1/cmss/m/n/9 (+20) ambiguous-
 []


Underfull \hbox (badness 10000) in paragraph at lines 189--189
\T1/cmss/m/n/9 (+20) edge
 []


Underfull \hbox (badness 10000) in paragraph at lines 189--190
[]|\T1/cmss/m/n/9 (+20) Defines
 []


Underfull \hbox (badness 10000) in paragraph at lines 189--190
\T1/cmss/m/n/9 (+20) the low-
 []


Underfull \hbox (badness 10000) in paragraph at lines 189--190
\T1/cmss/m/n/9 (+20) variance
 []


Underfull \hbox (badness 10000) in paragraph at lines 189--190
\T1/cmss/m/n/9 (+20) ref-er-ence
 []


Underfull \hbox (badness 10000) in paragraph at lines 191--191
[]|\T1/cmss/m/n/9 (+20) Sign-
 []


Underfull \hbox (badness 10000) in paragraph at lines 191--191
\T1/cmss/m/n/9 (+20) preserving
 []


Underfull \hbox (badness 10000) in paragraph at lines 191--191
\T1/cmss/m/n/9 (+20) sim-pli-fi-ca-
 []


Underfull \hbox (badness 10000) in paragraph at lines 191--191
[]|\T1/cmss/m/n/9 (+20) Replace
 []


Underfull \hbox (badness 10000) in paragraph at lines 191--191
\T1/cmss/m/n/9 (+20) mag-ni-tudes
 []


Underfull \hbox (badness 10000) in paragraph at lines 191--191
\T1/cmss/m/n/9 (+20) with signed
 []


Underfull \hbox (badness 10000) in paragraph at lines 191--191
\T1/cmss/m/n/9 (+20) unit, half-
 []


Underfull \hbox (badness 10000) in paragraph at lines 191--191
\T1/cmss/m/n/9 (+20) Gaussian,
 []


Underfull \hbox (badness 10000) in paragraph at lines 191--191
\T1/cmss/m/n/9 (+20) or uni-form
 []


Underfull \hbox (badness 10000) in paragraph at lines 191--191
[]|\T1/cmss/m/n/9 (+20) Topology,
 []


Underfull \hbox (badness 10000) in paragraph at lines 191--191
\T1/cmss/m/n/9 (+20) global sign
 []


Underfull \hbox (badness 1540) in paragraph at lines 191--192
[]|\T1/cmss/m/n/9 (+20) Tests how
 []


Underfull \hbox (badness 10000) in paragraph at lines 191--192
\T1/cmss/m/n/9 (+20) much
 []


Underfull \hbox (badness 10000) in paragraph at lines 191--192
\T1/cmss/m/n/9 (+20) in-vari-ance
 []


Underfull \hbox (badness 10000) in paragraph at lines 191--192
\T1/cmss/m/n/9 (+20) is
 []


Underfull \hbox (badness 10000) in paragraph at lines 191--192
\T1/cmss/m/n/9 (+20) re-cov-ered
 []


Underfull \hbox (badness 10000) in paragraph at lines 191--192
\T1/cmss/m/n/9 (+20) by
 []


Underfull \hbox (badness 10000) in paragraph at lines 191--192
\T1/cmss/m/n/9 (+20) pre-serv-ing
 []


Underfull \hbox (badness 10000) in paragraph at lines 191--192
\T1/cmss/m/n/9 (+20) in-ferred
 []


Underfull \hbox (badness 10000) in paragraph at lines 191--192
\T1/cmss/m/n/9 (+20) chem-i-cal
 []


Underfull \hbox (badness 10000) in paragraph at lines 191--192
\T1/cmss/m/n/9 (+20) E/I sign
 []


Underfull \hbox (badness 10000) in paragraph at lines 193--193
[]|\T1/cmss/m/n/9 (+20) Binary
 []


Underfull \hbox (badness 10000) in paragraph at lines 193--193
[]|\T1/cmss/m/n/9 (+20) Collapse
 []


Underfull \hbox (badness 10000) in paragraph at lines 193--193
\T1/cmss/m/n/9 (+20) all nonzero
 []


Underfull \hbox (badness 10000) in paragraph at lines 193--193
\T1/cmss/m/n/9 (+20) weights to
 []


Underfull \hbox (badness 5696) in paragraph at lines 193--193
[]|\T1/cmss/m/n/9 (+20) Topology and
 []


Underfull \hbox (badness 10000) in paragraph at lines 193--194
[]|\T1/cmss/m/n/9 (+20) Tests the
 []


Underfull \hbox (badness 10000) in paragraph at lines 193--194
\T1/cmss/m/n/9 (+20) ef-fect of
 []


Underfull \hbox (badness 10000) in paragraph at lines 193--194
\T1/cmss/m/n/9 (+20) re-mov-ing
 []


Underfull \hbox (badness 10000) in paragraph at lines 193--194
\T1/cmss/m/n/9 (+20) in-hibitory
 []


Underfull \hbox (badness 7326) in paragraph at lines 193--194
\T1/cmss/m/n/9 (+20) signs and
 []


Underfull \hbox (badness 10000) in paragraph at lines 193--194
\T1/cmss/m/n/9 (+20) weight
 []


Underfull \hbox (badness 10000) in paragraph at lines 193--194
\T1/cmss/m/n/9 (+20) mag-ni-
 []


Underfull \hbox (badness 10000) in paragraph at lines 195--195
[]|\T1/cmss/m/n/9 (+20) Degree-
 []


Underfull \hbox (badness 10000) in paragraph at lines 195--195
\T1/cmss/m/n/9 (+20) preserving
 []


Underfull \hbox (badness 10000) in paragraph at lines 195--195
\T1/cmss/m/n/9 (+20) topol-ogy
 []


Underfull \hbox (badness 10000) in paragraph at lines 195--195
[]|\T1/cmss/m/n/9 (+20) Rewire edges
 []


Underfull \hbox (badness 3312) in paragraph at lines 195--195
\T1/cmss/m/n/9 (+20) us-ing di-rected
 []


Underfull \hbox (badness 10000) in paragraph at lines 195--195
\T1/cmss/m/n/9 (+20) degree-
 []


Underfull \hbox (badness 10000) in paragraph at lines 195--195
\T1/cmss/m/n/9 (+20) preserving
 []


Underfull \hbox (badness 10000) in paragraph at lines 195--195
\T1/cmss/m/n/9 (+20) con-nec-tion
 []


Underfull \hbox (badness 10000) in paragraph at lines 195--195
[]|\T1/cmss/m/n/9 (+20) Node count,
 []


Underfull \hbox (badness 10000) in paragraph at lines 195--195
\T1/cmss/m/n/9 (+20) edge count,
 []


Underfull \hbox (badness 10000) in paragraph at lines 195--195
\T1/cmss/m/n/9 (+20) di-rected in-
 []


Underfull \hbox (badness 10000) in paragraph at lines 195--195
\T1/cmss/m/n/9 (+20) signed-weight
 []


Underfull \hbox (badness 10000) in paragraph at lines 195--196
[]|\T1/cmss/m/n/9 (+20) Tests the
 []


Underfull \hbox (badness 10000) in paragraph at lines 195--196
\T1/cmss/m/n/9 (+20) con-tri-
 []


Underfull \hbox (badness 10000) in paragraph at lines 195--196
\T1/cmss/m/n/9 (+20) bu-tion
 []


Underfull \hbox (badness 10000) in paragraph at lines 195--196
\T1/cmss/m/n/9 (+20) of lo-cal
 []


Underfull \hbox (badness 10000) in paragraph at lines 197--197
[]|\T1/cmss/m/n/9 (+20) Weight-
 []


Underfull \hbox (badness 10000) in paragraph at lines 197--197
\T1/cmss/m/n/9 (+20) placement
 []


Underfull \hbox (badness 3635) in paragraph at lines 197--197
[]|\T1/cmss/m/n/9 (+20) Shuffle signed
 []


Underfull \hbox (badness 10000) in paragraph at lines 197--197
\T1/cmss/m/n/9 (+20) contact-count
 []


Underfull \hbox (badness 1331) in paragraph at lines 197--197
\T1/cmss/m/n/9 (+20) weights across
 []


Underfull \hbox (badness 10000) in paragraph at lines 197--198
[]|\T1/cmss/m/n/9 (+20) Tests the
 []


Underfull \hbox (badness 10000) in paragraph at lines 197--198
\T1/cmss/m/n/9 (+20) con-tri-
 []


Underfull \hbox (badness 10000) in paragraph at lines 197--198
\T1/cmss/m/n/9 (+20) bu-tion
 []


Underfull \hbox (badness 10000) in paragraph at lines 197--198
\T1/cmss/m/n/9 (+20) of lo-cal
 []


Underfull \hbox (badness 10000) in paragraph at lines 197--198
\T1/cmss/m/n/9 (+20) weight
 []


Underfull \hbox (badness 10000) in paragraph at lines 199--199
[]|\T1/cmss/m/n/9 (+20) Random-
 []


Underfull \hbox (badness 10000) in paragraph at lines 199--199
\T1/cmss/m/n/9 (+20) topology
 []


Underfull \hbox (badness 5908) in paragraph at lines 199--199
[]|\T1/cmss/m/n/9 (+20) Use Gaussian-
 []


Underfull \hbox (badness 10000) in paragraph at lines 199--199
\T1/cmss/m/n/9 (+20) weight \T1/cmss/m/it/9 (+20) C.
 []


Underfull \hbox (badness 10000) in paragraph at lines 199--199
\T1/cmss/m/it/9 (+20) el-e-gans\T1/cmss/m/n/9 (+20) -
 []


Underfull \hbox (badness 10000) in paragraph at lines 199--199
\T1/cmss/m/n/9 (+20) topology,
 []


Underfull \hbox (badness 10000) in paragraph at lines 199--199
\T1/cmss/m/n/9 (+20) Erd®s--Rényi,
 []


Underfull \hbox (badness 10000) in paragraph at lines 199--199
\T1/cmss/m/n/9 (+20) and Watts--
 []


Underfull \hbox (badness 3029) in paragraph at lines 199--199
\T1/cmss/m/n/9 (+20) world con-trols
 []


Underfull \hbox (badness 10000) in paragraph at lines 199--199
\T1/cmss/m/n/9 (+20) ([][]Barabási[][],
 []


Underfull \hbox (badness 10000) in paragraph at lines 199--199
[][]\T1/cmss/m/n/9 (+20) 2016[][]; [][]Kawai
 []


Underfull \hbox (badness 7595) in paragraph at lines 199--199
\T1/cmss/m/n/9 (+20) et al.[][], [][]2019[][];
 []


Underfull \hbox (badness 10000) in paragraph at lines 199--199
[][]\T1/cmss/m/n/9 (+20) Watts and
 []


Underfull \hbox (badness 10000) in paragraph at lines 199--199
\T1/cmss/m/n/9 (+20) weight/sign
 []


Underfull \hbox (badness 10000) in paragraph at lines 199--200
[]|\T1/cmss/m/n/9 (+20) Tests the
 []


Underfull \hbox (badness 10000) in paragraph at lines 199--200
\T1/cmss/m/n/9 (+20) con-tri-
 []


Underfull \hbox (badness 10000) in paragraph at lines 199--200
\T1/cmss/m/n/9 (+20) bu-tion
 []


Underfull \hbox (badness 10000) in paragraph at lines 199--200
\T1/cmss/m/n/9 (+20) of broad
 []


Underfull \hbox (badness 10000) in paragraph at lines 199--200
\T1/cmss/m/n/9 (+20) topol-ogy
 []


Overfull \hbox (14.64085pt too wide) in paragraph at lines 185--202
 [][] 
 []


LaTeX Warning: Float too large for page by 13.2277pt on input line 202.

<figs/toplogy/new_4to1_four_panel.png, id=170, 794.97pt x 664.884pt>
File: figs/toplogy/new_4to1_four_panel.png Graphic file (type png)
<use figs/toplogy/new_4to1_four_panel.png>
Package pdftex.def Info: figs/toplogy/new_4to1_four_panel.png  used on input line 231.
(pdftex.def)             Requested size: 494.50888pt x 413.60359pt.

Overfull \hbox (4.2154pt too wide) in paragraph at lines 248--265
 [][] 
 []

[5] [6 <./figs/toplogy/new_4to1_four_panel.png>]
<New_figs/fullv2/50per.png, id=201, 520.344pt x 372.1905pt>
File: New_figs/fullv2/50per.png Graphic file (type png)
<use New_figs/fullv2/50per.png>
Package pdftex.def Info: New_figs/fullv2/50per.png  used on input line 280.
(pdftex.def)             Requested size: 238.25444pt x 170.4203pt.

Underfull \hbox (badness 1694) in paragraph at lines 289--290
[]\T1/stix/m/n/10 (+20) Figure [][]3[][] shows these sign-fraction sweeps for the
 []

<New_figs/signtest_final_new/new_4to1/meanpoint_frac_cv_lines.png, id=208, 298.83646pt x 278.2395pt>
File: New_figs/signtest_final_new/new_4to1/meanpoint_frac_cv_lines.png Graphic file (type png)
<use New_figs/signtest_final_new/new_4to1/meanpoint_frac_cv_lines.png>
Package pdftex.def Info: New_figs/signtest_final_new/new_4to1/meanpoint_frac_cv_lines.png  used on input line 293.
(pdftex.def)             Requested size: 238.25444pt x 221.83618pt.
[7 <./New_figs/fullv2/50per.png>]
<New_figs/sign_norm_abalation/matched_cel/sign_norm.png, id=226, 525.4029pt x 496.254pt>
File: New_figs/sign_norm_abalation/matched_cel/sign_norm.png Graphic file (type png)
<use New_figs/sign_norm_abalation/matched_cel/sign_norm.png>
Package pdftex.def Info: New_figs/sign_norm_abalation/matched_cel/sign_norm.png  used on input line 305.
(pdftex.def)             Requested size: 238.25444pt x 225.0387pt.

Overfull \hbox (10.2063pt too wide) in paragraph at lines 314--315
[]\T1/stix/m/n/10 (-20) Figure [][]5[][] shows these con-trols in the same mean-performance
 []


Underfull \hbox (badness 1067) in paragraph at lines 316--317
\T1/stix/m/n/10 (+20) from the un-shuf-fled predicted-polarity reser-voir to-ward
 []

[8 <./New_figs/signtest_final_new/new_4to1/meanpoint_frac_cv_lines.png> <./New_figs/sign_norm_abalation/matched_cel/sign_norm.png>]
<New_figs/shuf/shuf_all.png, id=243, 2213.26875pt x 1972.36874pt>
File: New_figs/shuf/shuf_all.png Graphic file (type png)
<use New_figs/shuf/shuf_all.png>
Package pdftex.def Info: New_figs/shuf/shuf_all.png  used on input line 322.
(pdftex.def)             Requested size: 238.25444pt x 212.29637pt.
<New_figs/raw_rho_performance_summary.png, id=245, 780.516pt x 549.252pt>
File: New_figs/raw_rho_performance_summary.png Graphic file (type png)
<use New_figs/raw_rho_performance_summary.png>
Package pdftex.def Info: New_figs/raw_rho_performance_summary.png  used on input line 336.
(pdftex.def)             Requested size: 238.25444pt x 167.6599pt.
 [9 <./New_figs/shuf/shuf_all.png (PNG copy)>] [10 <./New_figs/raw_rho_performance_summary.png>] [11]
Overfull \hbox (11.4063pt too wide) in paragraph at lines 382--383
\T1/stix/m/n/10 (-20) im-por-tant de-sign pa-ram-e-ter, com-ple-ment-ing re-cent performance-
 []


Underfull \hbox (badness 1052) in paragraph at lines 382--383
\T1/stix/m/n/10 (+20) sign place-ment, mag-ni-tude dis-tri-bu-tion, and mag-ni-tude
 []

[12]
LaTeX Font Info:    Trying to load font information for T1+zi4 on input line 398.
 (/usr/share/texlive/texmf-dist/tex/latex/inconsolata/t1zi4.fd
File: t1zi4.fd 2018/01/14 T1/zi4 (Inconsolata)
)
LaTeX Font Info:    Font shape `T1/zi4/m/n' will be
(Font)              scaled to size 8.50006pt on input line 398.
Package microtype Info: Loading generic protrusion settings for font family
(microtype)             `zi4' (encoding: T1).
(microtype)             For optimal results, create family-specific settings.
(microtype)             See the microtype manual for details.
<New_figs/signtest_final_new/er_matched/meanpoint_frac_cv_lines.png, id=335, 298.83646pt x 278.2395pt>
File: New_figs/signtest_final_new/er_matched/meanpoint_frac_cv_lines.png Graphic file (type png)
<use New_figs/signtest_final_new/er_matched/meanpoint_frac_cv_lines.png>
Package pdftex.def Info: New_figs/signtest_final_new/er_matched/meanpoint_frac_cv_lines.png  used on input line 422.
(pdftex.def)             Requested size: 238.25444pt x 221.83618pt.
<New_figs/signtest_final_new/new_removed/meanpoint_frac_cv_lines.png, id=336, 298.83646pt x 278.2395pt>
File: New_figs/signtest_final_new/new_removed/meanpoint_frac_cv_lines.png Graphic file (type png)
<use New_figs/signtest_final_new/new_removed/meanpoint_frac_cv_lines.png>
Package pdftex.def Info: New_figs/signtest_final_new/new_removed/meanpoint_frac_cv_lines.png  used on input line 429.
(pdftex.def)             Requested size: 238.25444pt x 221.83618pt.
<supplement/sign_sweep_quicklook.png, id=337, 598.1547pt x 347.3778pt>
File: supplement/sign_sweep_quicklook.png Graphic file (type png)
<use supplement/sign_sweep_quicklook.png>
Package pdftex.def Info: supplement/sign_sweep_quicklook.png  used on input line 436.
(pdftex.def)             Requested size: 238.25444pt x 138.36559pt.
 [13{/usr/share/texlive/texmf-dist/fonts/enc/dvips/inconsolata/i4-t1-0.enc}]
<supplement/option_8_average_perf_cv_er_matched.png, id=349, 520.5849pt x 496.254pt>
File: supplement/option_8_average_perf_cv_er_matched.png Graphic file (type png)
<use supplement/option_8_average_perf_cv_er_matched.png>
Package pdftex.def Info: supplement/option_8_average_perf_cv_er_matched.png  used on input line 459.
(pdftex.def)             Requested size: 238.25444pt x 227.12105pt.
<supplement/option_8_average_perf_cv_removed.png, id=350, 525.4029pt x 496.254pt>
File: supplement/option_8_average_perf_cv_removed.png Graphic file (type png)
<use supplement/option_8_average_perf_cv_removed.png>
Package pdftex.def Info: supplement/option_8_average_perf_cv_removed.png  used on input line 466.
(pdftex.def)             Requested size: 238.25444pt x 225.0387pt.
<supplement/cv_performance_density_contours_triptych.png, id=351, 531.1845pt x 473.3685pt>
File: supplement/cv_performance_density_contours_triptych.png Graphic file (type png)
<use supplement/cv_performance_density_contours_triptych.png>
Package pdftex.def Info: supplement/cv_performance_density_contours_triptych.png  used on input line 473.
(pdftex.def)             Requested size: 238.25444pt x 212.32043pt.
 [14 <./New_figs/signtest_final_new/er_matched/meanpoint_frac_cv_lines.png> <./New_figs/signtest_final_new/new_removed/meanpoint_frac_cv_lines.png>]
<figs/toplogy/model_grid_A_to_H.png, id=363, 607.068pt x 881.694pt>
File: figs/toplogy/model_grid_A_to_H.png Graphic file (type png)
<use figs/toplogy/model_grid_A_to_H.png>
Package pdftex.def Info: figs/toplogy/model_grid_A_to_H.png  used on input line 485.
(pdftex.def)             Requested size: 238.25444pt x 346.0253pt.
<figs/toplogy/model_grid_I_to_O.png, id=364, 607.068pt x 881.694pt>
File: figs/toplogy/model_grid_I_to_O.png Graphic file (type png)
<use figs/toplogy/model_grid_I_to_O.png>
Package pdftex.def Info: figs/toplogy/model_grid_I_to_O.png  used on input line 492.
(pdftex.def)             Requested size: 238.25444pt x 346.0253pt.

Underfull \hbox (badness 1742) in paragraph at lines 509--510
[]\T1/stix/m/n/10 (+20) Starting from the ambiguous-edge \T1/stix/m/it/10 (+20) C. el-e-gans \T1/stix/m/n/10 (+20) con-
 []

LaTeX Font Info:    Calculating math sizes for size <10.5> on input line 514.

LaTeX Font Warning: Font shape `U/lasy/m/n' in size <10.5> not available
(Font)              size <10.95> substituted on input line 514.

[15] (./New_figs/shuf/cv_mean_differences_table_vs_real.tex) (./New_figs/shuf/cv_mean_differences_vs_local_sign_binary_table.tex) (./New_figs/shuf/cv_mean_differences_vs_binary_base_table.tex) [16] (./thesis.bbl
LaTeX Font Info:    Font shape `T1/zi4/m/n' will be
(Font)              scaled to size 6.80005pt on input line 19.

Underfull \hbox (badness 2809) in paragraph at lines 16--21
[]\T1/stix/m/n/8 (+20) Barabási, A.L., 2016.  Net-work sci-ence.  Cam-bridge Uni-ver-sity
 []


Underfull \hbox (badness 2573) in paragraph at lines 16--21
\T1/stix/m/n/8 (+20) Press, Cam-bridge.  URL: [][]$\T1/zi4/m/n/8 https : / / www . cambridge . org / fr / academic /
 []


Underfull \hbox (badness 10000) in paragraph at lines 16--21
\T1/zi4/m/n/8 subjects / physics / statistical-[]physics / network-[]science ? format = HB &
 []

[17]) [18] [19 <./supplement/sign_sweep_quicklook.png> <./supplement/option_8_average_perf_cv_er_matched.png>] [20 <./supplement/option_8_average_perf_cv_removed.png> <./supplement/cv_performance_density_contours_triptych.png>] [21 <./figs/toplogy/model_grid_A_to_H.png> <./figs/toplogy/model_grid_I_to_O.png>] (./thesis.aux)

LaTeX Font Warning: Size substitutions with differences
(Font)              up to 0.5pt have occurred.

Package rerunfilecheck Info: File `thesis.out' has not changed.
(rerunfilecheck)             Checksum: D41D8CD98F00B204E9800998ECF8427E;0.
 ) 
Here is how much of TeX's memory you used:
 23481 strings out of 476041
 374213 string characters out of 5793175
 1912388 words of memory out of 6000000
 42998 multiletter control sequences out of 15000+600000
 673261 words of font info for 396 fonts, out of 8000000 for 9000
 1137 hyphenation exceptions out of 8191
 90i,13n,93p,1524b,694s stack positions out of 10000i,1000n,20000p,200000b,200000s
</usr/share/texlive/texmf-dist/fonts/type1/public/inconsolata/Inconsolata-zi4r.pfb></usr/share/texlive/texmf-dist/fonts/type1/public/stix/STIXGeneral-Bold.pfb></usr/share/texlive/texmf-dist/fonts/type1/public/stix/STIXGeneral-BoldItalic.pfb></usr/share/texlive/texmf-dist/fonts/type1/public/stix/STIXGeneral-Italic.pfb></usr/share/texlive/texmf-dist/fonts/type1/public/stix/STIXGeneral-Regular.pfb></usr/share/texlive/texmf-dist/fonts/type1/public/cm-super/sfsi0900.pfb></usr/share/texlive/texmf-dist/fonts/type1/public/cm-super/sfss0800.pfb></usr/share/texlive/texmf-dist/fonts/type1/public/cm-super/sfss0900.pfb></usr/share/texlive/texmf-dist/fonts/type1/public/cm-super/sfsx0900.pfb></usr/share/texlive/texmf-dist/fonts/type1/public/stix/stix-mathbb.pfb></usr/share/texlive/texmf-dist/fonts/type1/public/stix/stix-mathcal.pfb></usr/share/texlive/texmf-dist/fonts/type1/public/stix/stix-mathex.pfb></usr/share/texlive/texmf-dist/fonts/type1/public/stix/stix-mathit.pfb></usr/share/texlive/texmf-dist/fonts/type1/public/stix/stix-mathrm.pfb></usr/share/texlive/texmf-dist/fonts/type1/public/stix/stix-mathsf.pfb>
Output written on thesis.pdf (22 pages, 23084787 bytes).
PDF statistics:
 618 PDF objects out of 1000 (max. 8388607)
 530 compressed objects within 6 object streams
 137 named destinations out of 1000 (max. 500000)
 52295 words of extra memory for PDF output out of 61914 (max. 10000000)

